// Jest Snapshot v1, https://goo.gl/fbAQLP

exports[`RegistrationForm renders correctly and matches snapshot 1`] = `
<DocumentFragment>
  <form>
    <div>
      <label>
        Login
      </label>
      <input
        type="text"
        value=""
      />
    </div>
    <div>
      <label>
        Email
      </label>
      <input
        type="email"
        value=""
      />
    </div>
    <div>
      <label>
        Password
      </label>
      <input
        type="password"
        value=""
      />
    </div>
    <button
      disabled=""
      type="submit"
    >
      Register
    </button>
  </form>
</DocumentFragment>
`;
